// Jest Snapshot v1, https://goo.gl/fbAQLP

exports[`Badge is a Vue instance 1`] = `"<div class=\\"badge\\"></div>"`;
