// Jest Snapshot v1, https://goo.gl/fbAQLP

exports[`Button is a Vue instance 1`] = `"<button role=\\"button\\" class=\\"btn btn-neutral\\"></button>"`;
