// Jest Snapshot v1, https://goo.gl/fbAQLP

exports[`Hero is a Vue instance 1`] = `
"<div class=\\"hero min-h-screen bg-base-200 py-40\\">
  <div class=\\"container mx-auto\\">
    <div class=\\"flex-col hero-content md:flex-row-reverse\\">
      <div class=\\"flex-1\\"></div>
    </div>
  </div>
</div>"
`;
